[     404ms] [INFO] %cDownload the React DevTools for a better development experience: https://react.dev/link/react-devtools font-weight:bold @ http://localhost:3000/_next/static/chunks/node_modules_next_dist_1ybzpk2._.js:2489
[     431ms] [LOG] [HMR] connected @ http://localhost:3000/_next/static/chunks/node_modules_next_dist_1ybzpk2._.js:2489
[     598ms] [LOG] [Fast Refresh] rebuilding @ http://localhost:3000/_next/static/chunks/node_modules_next_dist_1ybzpk2._.js:2489
[     736ms] [LOG] [Fast Refresh] done in 239ms @ http://localhost:3000/_next/static/chunks/node_modules_next_dist_1ybzpk2._.js:2489
[    8620ms] [INFO] %cDownload the React DevTools for a better development experience: https://react.dev/link/react-devtools font-weight:bold @ http://localhost:3000/_next/static/chunks/node_modules_next_dist_1ybzpk2._.js:2489
[    8640ms] [LOG] [HMR] connected @ http://localhost:3000/_next/static/chunks/node_modules_next_dist_1ybzpk2._.js:2489
[   36879ms] [LOG] [Fast Refresh] rebuilding @ http://localhost:3000/_next/static/chunks/node_modules_next_dist_1ybzpk2._.js:2489
[   37193ms] [LOG] [Fast Refresh] done in 263ms @ http://localhost:3000/_next/static/chunks/node_modules_next_dist_1ybzpk2._.js:2489
[   37661ms] [LOG] [Fast Refresh] rebuilding @ http://localhost:3000/_next/static/chunks/node_modules_next_dist_1ybzpk2._.js:2489
[   37708ms] [LOG] [Fast Refresh] done in 148ms @ http://localhost:3000/_next/static/chunks/node_modules_next_dist_1ybzpk2._.js:2489
[   38108ms] [LOG] [Fast Refresh] rebuilding @ http://localhost:3000/_next/static/chunks/node_modules_next_dist_1ybzpk2._.js:2489
[   38206ms] [LOG] [Fast Refresh] done in 199ms @ http://localhost:3000/_next/static/chunks/node_modules_next_dist_1ybzpk2._.js:2489
[   38694ms] [LOG] [Fast Refresh] rebuilding @ http://localhost:3000/_next/static/chunks/node_modules_next_dist_1ybzpk2._.js:2489
[   38709ms] [LOG] [Fast Refresh] done in 116ms @ http://localhost:3000/_next/static/chunks/node_modules_next_dist_1ybzpk2._.js:2489
[   39759ms] [LOG] [Fast Refresh] rebuilding @ http://localhost:3000/_next/static/chunks/node_modules_next_dist_1ybzpk2._.js:2489
[   39767ms] [LOG] [Fast Refresh] done in 111ms @ http://localhost:3000/_next/static/chunks/node_modules_next_dist_1ybzpk2._.js:2489
[   40521ms] [LOG] [Fast Refresh] rebuilding @ http://localhost:3000/_next/static/chunks/node_modules_next_dist_1ybzpk2._.js:2489
[   40525ms] [LOG] [Fast Refresh] done in 105ms @ http://localhost:3000/_next/static/chunks/node_modules_next_dist_1ybzpk2._.js:2489
[   42800ms] [LOG] [Fast Refresh] rebuilding @ http://localhost:3000/_next/static/chunks/node_modules_next_dist_1ybzpk2._.js:2489
[   43099ms] [LOG] [Fast Refresh] done in 401ms @ http://localhost:3000/_next/static/chunks/node_modules_next_dist_1ybzpk2._.js:2489
[   46389ms] [LOG] [Fast Refresh] rebuilding @ http://localhost:3000/_next/static/chunks/node_modules_next_dist_1ybzpk2._.js:2489
[   46402ms] [LOG] [Fast Refresh] done in 114ms @ http://localhost:3000/_next/static/chunks/node_modules_next_dist_1ybzpk2._.js:2489
[   59879ms] [LOG] [Fast Refresh] rebuilding @ http://localhost:3000/_next/static/chunks/node_modules_next_dist_1ybzpk2._.js:2489
[   59884ms] [LOG] [Fast Refresh] done in 107ms @ http://localhost:3000/_next/static/chunks/node_modules_next_dist_1ybzpk2._.js:2489
[   74720ms] [LOG] [Fast Refresh] rebuilding @ http://localhost:3000/_next/static/chunks/node_modules_next_dist_1ybzpk2._.js:2489
[   74739ms] [LOG] [Fast Refresh] done in 119ms @ http://localhost:3000/_next/static/chunks/node_modules_next_dist_1ybzpk2._.js:2489
[   74842ms] [LOG] [Fast Refresh] rebuilding @ http://localhost:3000/_next/static/chunks/node_modules_next_dist_1ybzpk2._.js:2489
[   75346ms] [LOG] [Fast Refresh] done in 606ms @ http://localhost:3000/_next/static/chunks/node_modules_next_dist_1ybzpk2._.js:2489
[   78950ms] [LOG] [Fast Refresh] rebuilding @ http://localhost:3000/_next/static/chunks/node_modules_next_dist_1ybzpk2._.js:2489
[   79020ms] [LOG] [Fast Refresh] done in 172ms @ http://localhost:3000/_next/static/chunks/node_modules_next_dist_1ybzpk2._.js:2489
[  159114ms] [LOG] [Fast Refresh] rebuilding @ http://localhost:3000/_next/static/chunks/node_modules_next_dist_1ybzpk2._.js:2489
[  159151ms] [LOG] [Fast Refresh] done in 138ms @ http://localhost:3000/_next/static/chunks/node_modules_next_dist_1ybzpk2._.js:2489
[  159253ms] [LOG] [Fast Refresh] rebuilding @ http://localhost:3000/_next/static/chunks/node_modules_next_dist_1ybzpk2._.js:2489
[  159325ms] [LOG] [Fast Refresh] done in 172ms @ http://localhost:3000/_next/static/chunks/node_modules_next_dist_1ybzpk2._.js:2489
[  160694ms] [LOG] [Fast Refresh] rebuilding @ http://localhost:3000/_next/static/chunks/node_modules_next_dist_1ybzpk2._.js:2489
[  160864ms] [LOG] [Fast Refresh] done in 272ms @ http://localhost:3000/_next/static/chunks/node_modules_next_dist_1ybzpk2._.js:2489
[  177356ms] [LOG] [Fast Refresh] rebuilding @ http://localhost:3000/_next/static/chunks/node_modules_next_dist_1ybzpk2._.js:2489
[  177411ms] [LOG] [Fast Refresh] done in 157ms @ http://localhost:3000/_next/static/chunks/node_modules_next_dist_1ybzpk2._.js:2489
[  210200ms] [LOG] [Fast Refresh] rebuilding @ http://localhost:3000/_next/static/chunks/node_modules_next_dist_1ybzpk2._.js:2489
[  210917ms] [LOG] [Fast Refresh] done in 819ms @ http://localhost:3000/_next/static/chunks/node_modules_next_dist_1ybzpk2._.js:2489
[  230054ms] [LOG] [Fast Refresh] rebuilding @ http://localhost:3000/_next/static/chunks/node_modules_next_dist_1ybzpk2._.js:2489
[  231205ms] [LOG] [Fast Refresh] done in 1248ms @ http://localhost:3000/_next/static/chunks/node_modules_next_dist_1ybzpk2._.js:2489
[  247996ms] [LOG] [Fast Refresh] rebuilding @ http://localhost:3000/_next/static/chunks/node_modules_next_dist_1ybzpk2._.js:2489
[  248892ms] [ERROR] ./components/badge.tsx:129:27
An object member cannot be declared optional
  127 |       className={`relative flex items-center justify-center overflow-hidden rounded-lg bo...
  128 |     >
> 129 |       {marks &&      {src ? (
      |                           ^
  130 |         <Image
  131 |           src={src}
  132 |           alt={alt}

Parsing ecmascript source code failed

Import traces:
  Client Component Browser:
    ./components/badge.tsx [Client Component Browser]
    ./components/feed.tsx [Client Component Browser]
    ./app/page.tsx [Client Component Browser]
    ./app/page.tsx [Server Component]

  Client Component SSR:
    ./components/badge.tsx [Client Component SSR]
    ./components/feed.tsx [Client Component SSR]
    ./app/page.tsx [Client Component SSR]
    ./app/page.tsx [Server Component] @ http://localhost:3000/_next/static/chunks/node_modules_next_dist_1ybzpk2._.js:3330
[  249169ms] [LOG] [Fast Refresh] rebuilding @ http://localhost:3000/_next/static/chunks/node_modules_next_dist_1ybzpk2._.js:2489
[  249725ms] [ERROR] ./components/badge.tsx:129:27
An object member cannot be declared optional
  127 |       className={`relative flex items-center justify-center overflow-hidden rounded-lg bo...
  128 |     >
> 129 |       {marks &&      {src ? (
      |                           ^
  130 |         <Image
  131 |           src={src}
  132 |           alt={alt}

Parsing ecmascript source code failed

Import traces:
  Client Component Browser:
    ./components/badge.tsx [Client Component Browser]
    ./components/feed.tsx [Client Component Browser]
    ./app/page.tsx [Client Component Browser]
    ./app/page.tsx [Server Component]

  Client Component SSR:
    ./components/badge.tsx [Client Component SSR]
    ./components/feed.tsx [Client Component SSR]
    ./app/page.tsx [Client Component SSR]
    ./app/page.tsx [Server Component] @ http://localhost:3000/_next/static/chunks/node_modules_next_dist_1ybzpk2._.js:3330
[  249838ms] [LOG] [Fast Refresh] rebuilding @ http://localhost:3000/_next/static/chunks/node_modules_next_dist_1ybzpk2._.js:2489
[  250317ms] [ERROR] ./components/badge.tsx:129:27
An object member cannot be declared optional
  127 |       className={`relative flex items-center justify-center overflow-hidden rounded-lg bo...
  128 |     >
> 129 |       {marks &&      {src ? (
      |                           ^
  130 |         <Image
  131 |           src={src}
  132 |           alt={alt}

Parsing ecmascript source code failed

Import traces:
  Client Component Browser:
    ./components/badge.tsx [Client Component Browser]
    ./components/feed.tsx [Client Component Browser]
    ./app/page.tsx [Client Component Browser]
    ./app/page.tsx [Server Component]

  Client Component SSR:
    ./components/badge.tsx [Client Component SSR]
    ./components/feed.tsx [Client Component SSR]
    ./app/page.tsx [Client Component SSR]
    ./app/page.tsx [Server Component] @ http://localhost:3000/_next/static/chunks/node_modules_next_dist_1ybzpk2._.js:3330
[  250339ms] [ERROR] Failed to load resource: the server responded with a status of 500 (Internal Server Error) @ http://localhost:3000/?_rsc=q3mOO9BClNZHexY7:0
[  250418ms] [ERROR] Failed to load resource: the server responded with a status of 500 (Internal Server Error) @ http://localhost:3000/?_rsc=q3mOO9BClNZHexY7:0
[  250420ms] [ERROR] ./components/badge.tsx:129:27
An object member cannot be declared optional
  127 |       className={`relative flex items-center justify-center overflow-hidden rounded-lg bo...
  128 |     >
> 129 |       {marks &&      {src ? (
      |                           ^
  130 |         <Image
  131 |           src={src}
  132 |           alt={alt}

Parsing ecmascript source code failed

Import traces:
  Client Component Browser:
    ./components/badge.tsx [Client Component Browser]
    ./components/feed.tsx [Client Component Browser]
    ./app/page.tsx [Client Component Browser]
    ./app/page.tsx [Server Component]

  Client Component SSR:
    ./components/badge.tsx [Client Component SSR]
    ./components/feed.tsx [Client Component SSR]
    ./app/page.tsx [Client Component SSR]
    ./app/page.tsx [Server Component] @ http://localhost:3000/_next/static/chunks/node_modules_next_dist_1ybzpk2._.js:3330
[  250489ms] [ERROR] Failed to load resource: the server responded with a status of 500 (Internal Server Error) @ http://localhost:3000/?_rsc=q3mOO9BClNZHexY7:0
[  250521ms] [LOG] [Fast Refresh] rebuilding @ http://localhost:3000/_next/static/chunks/node_modules_next_dist_1ybzpk2._.js:2489
[  250550ms] [ERROR] Failed to load resource: the server responded with a status of 500 (Internal Server Error) @ http://localhost:3000/?_rsc=q3mOO9BClNZHexY7:0
[  250639ms] [ERROR] Failed to load resource: the server responded with a status of 500 (Internal Server Error) @ http://localhost:3000/:0
[  250879ms] [INFO] %cDownload the React DevTools for a better development experience: https://react.dev/link/react-devtools font-weight:bold @ http://localhost:3000/_next/static/chunks/node_modules_react-dom_0kla17-._.js:15305
[  250991ms] Error: ./components/badge.tsx:129:27
An object member cannot be declared optional
  127 |       className={`relative flex items-center justify-center overflow-hidden rounded-lg bo...
  128 |     >
> 129 |       {marks &&      {src ? (
      |                           ^
  130 |         <Image
  131 |           src={src}
  132 |           alt={alt}

Parsing ecmascript source code failed

Import traces:
  Client Component Browser:
    ./components/badge.tsx [Client Component Browser]
    ./components/feed.tsx [Client Component Browser]
    ./app/page.tsx [Client Component Browser]
    ./app/page.tsx [Server Component]

  Client Component SSR:
    ./components/badge.tsx [Client Component SSR]
    ./components/feed.tsx [Client Component SSR]
    ./app/page.tsx [Client Component SSR]
    ./app/page.tsx [Server Component]


    at <unknown> (Error: ./components/badge.tsx:129:27)
    at Object.getCompilationErrors (file:///Users/admin/Documents/GitHub/JJ/base/node_modules/next/dist/server/dev/hot-reloader-turbopack.js:1186:59)
    at DevBundlerService.getCompilationError (file:///Users/admin/Documents/GitHub/JJ/base/node_modules/next/dist/server/lib/dev-bundler-service.js:44:55)
    at DevServer.getCompilationError (file:///Users/admin/Documents/GitHub/JJ/base/node_modules/next/dist/server/dev/next-dev-server.js:720:42)
    at DevServer.findPageComponents (file:///Users/admin/Documents/GitHub/JJ/base/node_modules/next/dist/server/dev/next-dev-server.js:690:43)
    at async DevServer.renderErrorToResponseImpl (file:///Users/admin/Documents/GitHub/JJ/base/node_modules/next/dist/server/base-server.js:1753:26)
[  250962ms] [LOG] [HMR] connected @ http://localhost:3000/_next/static/chunks/node_modules_next_dist_1gdrd03._.js:1226
[  251027ms] [ERROR] ./components/badge.tsx:129:27
An object member cannot be declared optional
  127 |       className={`relative flex items-center justify-center overflow-hidden rounded-lg bo...
  128 |     >
> 129 |       {marks &&      {src ? (
      |                           ^
  130 |         <Image
  131 |           src={src}
  132 |           alt={alt}

Parsing ecmascript source code failed

Import traces:
  Client Component Browser:
    ./components/badge.tsx [Client Component Browser]
    ./components/feed.tsx [Client Component Browser]
    ./app/page.tsx [Client Component Browser]
    ./app/page.tsx [Server Component]

  Client Component SSR:
    ./components/badge.tsx [Client Component SSR]
    ./components/feed.tsx [Client Component SSR]
    ./app/page.tsx [Client Component SSR]
    ./app/page.tsx [Server Component] @ http://localhost:3000/_next/static/chunks/node_modules_next_dist_1gdrd03._.js:1945
[  251027ms] [ERROR] ./components/badge.tsx:129:27
An object member cannot be declared optional
  127 |       className={`relative flex items-center justify-center overflow-hidden rounded-lg bo...
  128 |     >
> 129 |       {marks &&      {src ? (
      |                           ^
  130 |         <Image
  131 |           src={src}
  132 |           alt={alt}

Parsing ecmascript source code failed

Import traces:
  Client Component Browser:
    ./components/badge.tsx [Client Component Browser]
    ./app/post/[id]/page.tsx [Client Component Browser]
    ./app/post/[id]/page.tsx [Server Component]

  Client Component SSR:
    ./components/badge.tsx [Client Component SSR]
    ./app/post/[id]/page.tsx [Client Component SSR]
    ./app/post/[id]/page.tsx [Server Component] @ http://localhost:3000/_next/static/chunks/node_modules_next_dist_1gdrd03._.js:1945
[  251028ms] [ERROR] ./components/badge.tsx:129:27
An object member cannot be declared optional
  127 |       className={`relative flex items-center justify-center overflow-hidden rounded-lg bo...
  128 |     >
> 129 |       {marks &&      {src ? (
      |                           ^
  130 |         <Image
  131 |           src={src}
  132 |           alt={alt}

Parsing ecmascript source code failed

Import traces:
  Client Component Browser:
    ./components/badge.tsx [Client Component Browser]
    ./app/library/page.tsx [Client Component Browser]
    ./app/library/page.tsx [Server Component]

  Client Component SSR:
    ./components/badge.tsx [Client Component SSR]
    ./app/library/page.tsx [Client Component SSR]
    ./app/library/page.tsx [Server Component] @ http://localhost:3000/_next/static/chunks/node_modules_next_dist_1gdrd03._.js:1945
[  251028ms] [ERROR] ./components/badge.tsx:129:27
An object member cannot be declared optional
  127 |       className={`relative flex items-center justify-center overflow-hidden rounded-lg bo...
  128 |     >
> 129 |       {marks &&      {src ? (
      |                           ^
  130 |         <Image
  131 |           src={src}
  132 |           alt={alt}

Parsing ecmascript source code failed

Import traces:
  Client Component Browser:
    ./components/badge.tsx [Client Component Browser]
    ./app/booking/[expertId]/page.tsx [Client Component Browser]
    ./app/booking/[expertId]/page.tsx [Server Component]

  Client Component SSR:
    ./components/badge.tsx [Client Component SSR]
    ./app/booking/[expertId]/page.tsx [Client Component SSR]
    ./app/booking/[expertId]/page.tsx [Server Component] @ http://localhost:3000/_next/static/chunks/node_modules_next_dist_1gdrd03._.js:1945
[  251068ms] [ERROR] ./components/badge.tsx:129:27
An object member cannot be declared optional
  127 |       className={`relative flex items-center justify-center overflow-hidden rounded-lg bo...
  128 |     >
> 129 |       {marks &&      {src ? (
      |                           ^
  130 |         <Image
  131 |           src={src}
  132 |           alt={alt}

Parsing ecmascript source code failed

Import traces:
  Client Component Browser:
    ./components/badge.tsx [Client Component Browser]
    ./components/feed.tsx [Client Component Browser]
    ./app/page.tsx [Client Component Browser]
    ./app/page.tsx [Server Component]

  Client Component SSR:
    ./components/badge.tsx [Client Component SSR]
    ./components/feed.tsx [Client Component SSR]
    ./app/page.tsx [Client Component SSR]
    ./app/page.tsx [Server Component] @ http://localhost:3000/_next/static/chunks/node_modules_next_dist_1gdrd03._.js:1945
[  251170ms] [LOG] [Fast Refresh] rebuilding @ http://localhost:3000/_next/static/chunks/node_modules_next_dist_1gdrd03._.js:1226
[  251225ms] [ERROR] ./components/badge.tsx:129:27
An object member cannot be declared optional
  127 |       className={`relative flex items-center justify-center overflow-hidden rounded-lg bo...
  128 |     >
> 129 |       {marks &&      {src ? (
      |                           ^
  130 |         <Image
  131 |           src={src}
  132 |           alt={alt}

Parsing ecmascript source code failed

Import traces:
  Client Component Browser:
    ./components/badge.tsx [Client Component Browser]
    ./components/feed.tsx [Client Component Browser]
    ./app/page.tsx [Client Component Browser]
    ./app/page.tsx [Server Component]

  Client Component SSR:
    ./components/badge.tsx [Client Component SSR]
    ./components/feed.tsx [Client Component SSR]
    ./app/page.tsx [Client Component SSR]
    ./app/page.tsx [Server Component] @ http://localhost:3000/_next/static/chunks/node_modules_next_dist_1gdrd03._.js:1945
[  251803ms] [ERROR] ./components/badge.tsx:129:27
An object member cannot be declared optional
  127 |       className={`relative flex items-center justify-center overflow-hidden rounded-lg bo...
  128 |     >
> 129 |       {marks &&      {src ? (
      |                           ^
  130 |         <Image
  131 |           src={src}
  132 |           alt={alt}

Parsing ecmascript source code failed

Import traces:
  Client Component Browser:
    ./components/badge.tsx [Client Component Browser]
    ./components/feed.tsx [Client Component Browser]
    ./app/page.tsx [Client Component Browser]
    ./app/page.tsx [Server Component]

  Client Component SSR:
    ./components/badge.tsx [Client Component SSR]
    ./components/feed.tsx [Client Component SSR]
    ./app/page.tsx [Client Component SSR]
    ./app/page.tsx [Server Component] @ http://localhost:3000/_next/static/chunks/node_modules_next_dist_1gdrd03._.js:1945
[  251865ms] [LOG] [Fast Refresh] rebuilding @ http://localhost:3000/_next/static/chunks/node_modules_next_dist_1gdrd03._.js:1226
[  261208ms] [LOG] [Fast Refresh] rebuilding @ http://localhost:3000/_next/static/chunks/node_modules_next_dist_1gdrd03._.js:1226
[  261296ms] [ERROR] ./components/badge.tsx:129:27
An object member cannot be declared optional
  127 |       className={`relative flex items-center justify-center overflow-hidden rounded-lg bo...
  128 |     >
> 129 |       {marks &&      {src ? (
      |                           ^
  130 |         <Image
  131 |           src={src}
  132 |           alt={alt}

Parsing ecmascript source code failed

Import traces:
  Client Component Browser:
    ./components/badge.tsx [Client Component Browser]
    ./components/feed.tsx [Client Component Browser]
    ./app/page.tsx [Client Component Browser]
    ./app/page.tsx [Server Component]

  Client Component SSR:
    ./components/badge.tsx [Client Component SSR]
    ./components/feed.tsx [Client Component SSR]
    ./app/page.tsx [Client Component SSR]
    ./app/page.tsx [Server Component] @ http://localhost:3000/_next/static/chunks/node_modules_next_dist_1gdrd03._.js:1945
[  261522ms] [LOG] [Fast Refresh] rebuilding @ http://localhost:3000/_next/static/chunks/node_modules_next_dist_1gdrd03._.js:1226
[  261522ms] [ERROR] ./components/badge.tsx:129:27
An object member cannot be declared optional
  127 |       className={`relative flex items-center justify-center overflow-hidden rounded-lg bo...
  128 |     >
> 129 |       {marks &&      {src ? (
      |                           ^
  130 |         <Image
  131 |           src={src}
  132 |           alt={alt}

Parsing ecmascript source code failed

Import traces:
  Client Component Browser:
    ./components/badge.tsx [Client Component Browser]
    ./components/feed.tsx [Client Component Browser]
    ./app/page.tsx [Client Component Browser]
    ./app/page.tsx [Server Component]

  Client Component SSR:
    ./components/badge.tsx [Client Component SSR]
    ./components/feed.tsx [Client Component SSR]
    ./app/page.tsx [Client Component SSR]
    ./app/page.tsx [Server Component] @ http://localhost:3000/_next/static/chunks/node_modules_next_dist_1gdrd03._.js:1945
[  261613ms] [ERROR] Failed to load resource: the server responded with a status of 500 (Internal Server Error) @ http://localhost:3000/:0
[  261697ms] [INFO] %cDownload the React DevTools for a better development experience: https://react.dev/link/react-devtools font-weight:bold @ http://localhost:3000/_next/static/chunks/node_modules_react-dom_0kla17-._.js:15305
[  261728ms] Error: ./components/badge.tsx:129:27
An object member cannot be declared optional
  127 |       className={`relative flex items-center justify-center overflow-hidden rounded-lg bo...
  128 |     >
> 129 |       {marks &&      {src ? (
      |                           ^
  130 |         <Image
  131 |           src={src}
  132 |           alt={alt}

Parsing ecmascript source code failed

Import traces:
  Client Component Browser:
    ./components/badge.tsx [Client Component Browser]
    ./components/feed.tsx [Client Component Browser]
    ./app/page.tsx [Client Component Browser]
    ./app/page.tsx [Server Component]

  Client Component SSR:
    ./components/badge.tsx [Client Component SSR]
    ./components/feed.tsx [Client Component SSR]
    ./app/page.tsx [Client Component SSR]
    ./app/page.tsx [Server Component]


    at <unknown> (Error: ./components/badge.tsx:129:27)
    at Object.getCompilationErrors (file:///Users/admin/Documents/GitHub/JJ/base/node_modules/next/dist/server/dev/hot-reloader-turbopack.js:1186:59)
    at DevBundlerService.getCompilationError (file:///Users/admin/Documents/GitHub/JJ/base/node_modules/next/dist/server/lib/dev-bundler-service.js:44:55)
    at DevServer.getCompilationError (file:///Users/admin/Documents/GitHub/JJ/base/node_modules/next/dist/server/dev/next-dev-server.js:720:42)
    at DevServer.findPageComponents (file:///Users/admin/Documents/GitHub/JJ/base/node_modules/next/dist/server/dev/next-dev-server.js:690:43)
    at async DevServer.renderErrorToResponseImpl (file:///Users/admin/Documents/GitHub/JJ/base/node_modules/next/dist/server/base-server.js:1753:26)
[  261729ms] [LOG] [HMR] connected @ http://localhost:3000/_next/static/chunks/node_modules_next_dist_1gdrd03._.js:1226
[  261731ms] [ERROR] ./components/badge.tsx:129:27
An object member cannot be declared optional
  127 |       className={`relative flex items-center justify-center overflow-hidden rounded-lg bo...
  128 |     >
> 129 |       {marks &&      {src ? (
      |                           ^
  130 |         <Image
  131 |           src={src}
  132 |           alt={alt}

Parsing ecmascript source code failed

Import traces:
  Client Component Browser:
    ./components/badge.tsx [Client Component Browser]
    ./components/feed.tsx [Client Component Browser]
    ./app/page.tsx [Client Component Browser]
    ./app/page.tsx [Server Component]

  Client Component SSR:
    ./components/badge.tsx [Client Component SSR]
    ./components/feed.tsx [Client Component SSR]
    ./app/page.tsx [Client Component SSR]
    ./app/page.tsx [Server Component] @ http://localhost:3000/_next/static/chunks/node_modules_next_dist_1gdrd03._.js:1945
[  261731ms] [ERROR] ./components/badge.tsx:129:27
An object member cannot be declared optional
  127 |       className={`relative flex items-center justify-center overflow-hidden rounded-lg bo...
  128 |     >
> 129 |       {marks &&      {src ? (
      |                           ^
  130 |         <Image
  131 |           src={src}
  132 |           alt={alt}

Parsing ecmascript source code failed

Import traces:
  Client Component Browser:
    ./components/badge.tsx [Client Component Browser]
    ./app/post/[id]/page.tsx [Client Component Browser]
    ./app/post/[id]/page.tsx [Server Component]

  Client Component SSR:
    ./components/badge.tsx [Client Component SSR]
    ./app/post/[id]/page.tsx [Client Component SSR]
    ./app/post/[id]/page.tsx [Server Component] @ http://localhost:3000/_next/static/chunks/node_modules_next_dist_1gdrd03._.js:1945
[  261731ms] [ERROR] ./components/badge.tsx:129:27
An object member cannot be declared optional
  127 |       className={`relative flex items-center justify-center overflow-hidden rounded-lg bo...
  128 |     >
> 129 |       {marks &&      {src ? (
      |                           ^
  130 |         <Image
  131 |           src={src}
  132 |           alt={alt}

Parsing ecmascript source code failed

Import traces:
  Client Component Browser:
    ./components/badge.tsx [Client Component Browser]
    ./app/library/page.tsx [Client Component Browser]
    ./app/library/page.tsx [Server Component]

  Client Component SSR:
    ./components/badge.tsx [Client Component SSR]
    ./app/library/page.tsx [Client Component SSR]
    ./app/library/page.tsx [Server Component] @ http://localhost:3000/_next/static/chunks/node_modules_next_dist_1gdrd03._.js:1945
[  261731ms] [ERROR] ./components/badge.tsx:129:27
An object member cannot be declared optional
  127 |       className={`relative flex items-center justify-center overflow-hidden rounded-lg bo...
  128 |     >
> 129 |       {marks &&      {src ? (
      |                           ^
  130 |         <Image
  131 |           src={src}
  132 |           alt={alt}

Parsing ecmascript source code failed

Import traces:
  Client Component Browser:
    ./components/badge.tsx [Client Component Browser]
    ./app/booking/[expertId]/page.tsx [Client Component Browser]
    ./app/booking/[expertId]/page.tsx [Server Component]

  Client Component SSR:
    ./components/badge.tsx [Client Component SSR]
    ./app/booking/[expertId]/page.tsx [Client Component SSR]
    ./app/booking/[expertId]/page.tsx [Server Component] @ http://localhost:3000/_next/static/chunks/node_modules_next_dist_1gdrd03._.js:1945
[  261800ms] [ERROR] ./components/badge.tsx:129:27
An object member cannot be declared optional
  127 |       className={`relative flex items-center justify-center overflow-hidden rounded-lg bo...
  128 |     >
> 129 |       {marks &&      {src ? (
      |                           ^
  130 |         <Image
  131 |           src={src}
  132 |           alt={alt}

Parsing ecmascript source code failed

Import traces:
  Client Component Browser:
    ./components/badge.tsx [Client Component Browser]
    ./components/feed.tsx [Client Component Browser]
    ./app/page.tsx [Client Component Browser]
    ./app/page.tsx [Server Component]

  Client Component SSR:
    ./components/badge.tsx [Client Component SSR]
    ./components/feed.tsx [Client Component SSR]
    ./app/page.tsx [Client Component SSR]
    ./app/page.tsx [Server Component] @ http://localhost:3000/_next/static/chunks/node_modules_next_dist_1gdrd03._.js:1945
[  261834ms] [LOG] [Fast Refresh] rebuilding @ http://localhost:3000/_next/static/chunks/node_modules_next_dist_1gdrd03._.js:1226
[  262012ms] [ERROR] ./components/badge.tsx:129:27
An object member cannot be declared optional
  127 |       className={`relative flex items-center justify-center overflow-hidden rounded-lg bo...
  128 |     >
> 129 |       {marks &&      {src ? (
      |                           ^
  130 |         <Image
  131 |           src={src}
  132 |           alt={alt}

Parsing ecmascript source code failed

Import traces:
  Client Component Browser:
    ./components/badge.tsx [Client Component Browser]
    ./components/feed.tsx [Client Component Browser]
    ./app/page.tsx [Client Component Browser]
    ./app/page.tsx [Server Component]

  Client Component SSR:
    ./components/badge.tsx [Client Component SSR]
    ./components/feed.tsx [Client Component SSR]
    ./app/page.tsx [Client Component SSR]
    ./app/page.tsx [Server Component] @ http://localhost:3000/_next/static/chunks/node_modules_next_dist_1gdrd03._.js:1945
[  262080ms] [LOG] [Fast Refresh] rebuilding @ http://localhost:3000/_next/static/chunks/node_modules_next_dist_1gdrd03._.js:1226
[  276138ms] [LOG] [Fast Refresh] rebuilding @ http://localhost:3000/_next/static/chunks/node_modules_next_dist_1gdrd03._.js:1226
[  276231ms] [ERROR] ./components/badge.tsx:129:27
An object member cannot be declared optional
  127 |       className={`relative flex items-center justify-center overflow-hidden rounded-lg bo...
  128 |     >
> 129 |       {marks &&      {src ? (
      |                           ^
  130 |         <Image
  131 |           src={src}
  132 |           alt={alt}

Parsing ecmascript source code failed

Import traces:
  Client Component Browser:
    ./components/badge.tsx [Client Component Browser]
    ./components/feed.tsx [Client Component Browser]
    ./app/page.tsx [Client Component Browser]
    ./app/page.tsx [Server Component]

  Client Component SSR:
    ./components/badge.tsx [Client Component SSR]
    ./components/feed.tsx [Client Component SSR]
    ./app/page.tsx [Client Component SSR]
    ./app/page.tsx [Server Component] @ http://localhost:3000/_next/static/chunks/node_modules_next_dist_1gdrd03._.js:1945
[  276332ms] [LOG] [Fast Refresh] rebuilding @ http://localhost:3000/_next/static/chunks/node_modules_next_dist_1gdrd03._.js:1226
[  276626ms] [ERROR] ./components/badge.tsx:129:27
An object member cannot be declared optional
  127 |       className={`relative flex items-center justify-center overflow-hidden rounded-lg bo...
  128 |     >
> 129 |       {marks &&      {src ? (
      |                           ^
  130 |         <Image
  131 |           src={src}
  132 |           alt={alt}

Parsing ecmascript source code failed

Import traces:
  Client Component Browser:
    ./components/badge.tsx [Client Component Browser]
    ./components/feed.tsx [Client Component Browser]
    ./app/page.tsx [Client Component Browser]
    ./app/page.tsx [Server Component]

  Client Component SSR:
    ./components/badge.tsx [Client Component SSR]
    ./components/feed.tsx [Client Component SSR]
    ./app/page.tsx [Client Component SSR]
    ./app/page.tsx [Server Component] @ http://localhost:3000/_next/static/chunks/node_modules_next_dist_1gdrd03._.js:1945
[  276700ms] [ERROR] ./components/badge.tsx:129:27
An object member cannot be declared optional
  127 |       className={`relative flex items-center justify-center overflow-hidden rounded-lg bo...
  128 |     >
> 129 |       {marks &&      {src ? (
      |                           ^
  130 |         <Image
  131 |           src={src}
  132 |           alt={alt}

Parsing ecmascript source code failed

Import traces:
  Client Component Browser:
    ./components/badge.tsx [Client Component Browser]
    ./components/feed.tsx [Client Component Browser]
    ./app/page.tsx [Client Component Browser]
    ./app/page.tsx [Server Component]

  Client Component SSR:
    ./components/badge.tsx [Client Component SSR]
    ./components/feed.tsx [Client Component SSR]
    ./app/page.tsx [Client Component SSR]
    ./app/page.tsx [Server Component] @ http://localhost:3000/_next/static/chunks/node_modules_next_dist_1gdrd03._.js:1945
[  276771ms] [ERROR] ./components/badge.tsx:129:27
An object member cannot be declared optional
  127 |       className={`relative flex items-center justify-center overflow-hidden rounded-lg bo...
  128 |     >
> 129 |       {marks &&      {src ? (
      |                           ^
  130 |         <Image
  131 |           src={src}
  132 |           alt={alt}

Parsing ecmascript source code failed

Import traces:
  Client Component Browser:
    ./components/badge.tsx [Client Component Browser]
    ./components/feed.tsx [Client Component Browser]
    ./app/page.tsx [Client Component Browser]
    ./app/page.tsx [Server Component]

  Client Component SSR:
    ./components/badge.tsx [Client Component SSR]
    ./components/feed.tsx [Client Component SSR]
    ./app/page.tsx [Client Component SSR]
    ./app/page.tsx [Server Component] @ http://localhost:3000/_next/static/chunks/node_modules_next_dist_1gdrd03._.js:1945
[  276833ms] [LOG] [Fast Refresh] rebuilding @ http://localhost:3000/_next/static/chunks/node_modules_next_dist_1gdrd03._.js:1226
[  277176ms] [ERROR] ./components/badge.tsx:129:27
An object member cannot be declared optional
  127 |       className={`relative flex items-center justify-center overflow-hidden rounded-lg bo...
  128 |     >
> 129 |       {marks &&      {src ? (
      |                           ^
  130 |         <Image
  131 |           src={src}
  132 |           alt={alt}

Parsing ecmascript source code failed

Import traces:
  Client Component Browser:
    ./components/badge.tsx [Client Component Browser]
    ./components/feed.tsx [Client Component Browser]
    ./app/page.tsx [Client Component Browser]
    ./app/page.tsx [Server Component]

  Client Component SSR:
    ./components/badge.tsx [Client Component SSR]
    ./components/feed.tsx [Client Component SSR]
    ./app/page.tsx [Client Component SSR]
    ./app/page.tsx [Server Component] @ http://localhost:3000/_next/static/chunks/node_modules_next_dist_1gdrd03._.js:1945
[  277260ms] [ERROR] ./components/badge.tsx:129:27
An object member cannot be declared optional
  127 |       className={`relative flex items-center justify-center overflow-hidden rounded-lg bo...
  128 |     >
> 129 |       {marks &&      {src ? (
      |                           ^
  130 |         <Image
  131 |           src={src}
  132 |           alt={alt}

Parsing ecmascript source code failed

Import traces:
  Client Component Browser:
    ./components/badge.tsx [Client Component Browser]
    ./components/feed.tsx [Client Component Browser]
    ./app/page.tsx [Client Component Browser]
    ./app/page.tsx [Server Component]

  Client Component SSR:
    ./components/badge.tsx [Client Component SSR]
    ./components/feed.tsx [Client Component SSR]
    ./app/page.tsx [Client Component SSR]
    ./app/page.tsx [Server Component] @ http://localhost:3000/_next/static/chunks/node_modules_next_dist_1gdrd03._.js:1945
[  277278ms] [LOG] [Fast Refresh] rebuilding @ http://localhost:3000/_next/static/chunks/node_modules_next_dist_1gdrd03._.js:1226
[  277416ms] [ERROR] ./components/badge.tsx:129:27
An object member cannot be declared optional
  127 |       className={`relative flex items-center justify-center overflow-hidden rounded-lg bo...
  128 |     >
> 129 |       {marks &&      {src ? (
      |                           ^
  130 |         <Image
  131 |           src={src}
  132 |           alt={alt}

Parsing ecmascript source code failed

Import traces:
  Client Component Browser:
    ./components/badge.tsx [Client Component Browser]
    ./components/feed.tsx [Client Component Browser]
    ./app/page.tsx [Client Component Browser]
    ./app/page.tsx [Server Component]

  Client Component SSR:
    ./components/badge.tsx [Client Component SSR]
    ./components/feed.tsx [Client Component SSR]
    ./app/page.tsx [Client Component SSR]
    ./app/page.tsx [Server Component] @ http://localhost:3000/_next/static/chunks/node_modules_next_dist_1gdrd03._.js:1945
[  277469ms] [LOG] [Fast Refresh] rebuilding @ http://localhost:3000/_next/static/chunks/node_modules_next_dist_1gdrd03._.js:1226
[  277828ms] [ERROR] Failed to load resource: the server responded with a status of 500 (Internal Server Error) @ http://localhost:3000/:0
[  277886ms] [INFO] %cDownload the React DevTools for a better development experience: https://react.dev/link/react-devtools font-weight:bold @ http://localhost:3000/_next/static/chunks/node_modules_react-dom_0kla17-._.js:15305
[  277913ms] Error: ./components/badge.tsx:129:27
An object member cannot be declared optional
  127 |       className={`relative flex items-center justify-center overflow-hidden rounded-lg bo...
  128 |     >
> 129 |       {marks &&      {src ? (
      |                           ^
  130 |         <Image
  131 |           src={src}
  132 |           alt={alt}

Parsing ecmascript source code failed

Import traces:
  Client Component Browser:
    ./components/badge.tsx [Client Component Browser]
    ./components/feed.tsx [Client Component Browser]
    ./app/page.tsx [Client Component Browser]
    ./app/page.tsx [Server Component]

  Client Component SSR:
    ./components/badge.tsx [Client Component SSR]
    ./components/feed.tsx [Client Component SSR]
    ./app/page.tsx [Client Component SSR]
    ./app/page.tsx [Server Component]


    at <unknown> (Error: ./components/badge.tsx:129:27)
    at Object.getCompilationErrors (file:///Users/admin/Documents/GitHub/JJ/base/node_modules/next/dist/server/dev/hot-reloader-turbopack.js:1186:59)
    at DevBundlerService.getCompilationError (file:///Users/admin/Documents/GitHub/JJ/base/node_modules/next/dist/server/lib/dev-bundler-service.js:44:55)
    at DevServer.getCompilationError (file:///Users/admin/Documents/GitHub/JJ/base/node_modules/next/dist/server/dev/next-dev-server.js:720:42)
    at DevServer.findPageComponents (file:///Users/admin/Documents/GitHub/JJ/base/node_modules/next/dist/server/dev/next-dev-server.js:690:43)
    at async DevServer.renderErrorToResponseImpl (file:///Users/admin/Documents/GitHub/JJ/base/node_modules/next/dist/server/base-server.js:1753:26)
[  277908ms] [LOG] [HMR] connected @ http://localhost:3000/_next/static/chunks/node_modules_next_dist_1gdrd03._.js:1226
[  277915ms] [ERROR] ./components/badge.tsx:129:27
An object member cannot be declared optional
  127 |       className={`relative flex items-center justify-center overflow-hidden rounded-lg bo...
  128 |     >
> 129 |       {marks &&      {src ? (
      |                           ^
  130 |         <Image
  131 |           src={src}
  132 |           alt={alt}

Parsing ecmascript source code failed

Import traces:
  Client Component Browser:
    ./components/badge.tsx [Client Component Browser]
    ./components/feed.tsx [Client Component Browser]
    ./app/page.tsx [Client Component Browser]
    ./app/page.tsx [Server Component]

  Client Component SSR:
    ./components/badge.tsx [Client Component SSR]
    ./components/feed.tsx [Client Component SSR]
    ./app/page.tsx [Client Component SSR]
    ./app/page.tsx [Server Component] @ http://localhost:3000/_next/static/chunks/node_modules_next_dist_1gdrd03._.js:1945
[  277915ms] [ERROR] ./components/badge.tsx:129:27
An object member cannot be declared optional
  127 |       className={`relative flex items-center justify-center overflow-hidden rounded-lg bo...
  128 |     >
> 129 |       {marks &&      {src ? (
      |                           ^
  130 |         <Image
  131 |           src={src}
  132 |           alt={alt}

Parsing ecmascript source code failed

Import traces:
  Client Component Browser:
    ./components/badge.tsx [Client Component Browser]
    ./app/post/[id]/page.tsx [Client Component Browser]
    ./app/post/[id]/page.tsx [Server Component]

  Client Component SSR:
    ./components/badge.tsx [Client Component SSR]
    ./app/post/[id]/page.tsx [Client Component SSR]
    ./app/post/[id]/page.tsx [Server Component] @ http://localhost:3000/_next/static/chunks/node_modules_next_dist_1gdrd03._.js:1945
[  277916ms] [ERROR] ./components/badge.tsx:129:27
An object member cannot be declared optional
  127 |       className={`relative flex items-center justify-center overflow-hidden rounded-lg bo...
  128 |     >
> 129 |       {marks &&      {src ? (
      |                           ^
  130 |         <Image
  131 |           src={src}
  132 |           alt={alt}

Parsing ecmascript source code failed

Import traces:
  Client Component Browser:
    ./components/badge.tsx [Client Component Browser]
    ./app/library/page.tsx [Client Component Browser]
    ./app/library/page.tsx [Server Component]

  Client Component SSR:
    ./components/badge.tsx [Client Component SSR]
    ./app/library/page.tsx [Client Component SSR]
    ./app/library/page.tsx [Server Component] @ http://localhost:3000/_next/static/chunks/node_modules_next_dist_1gdrd03._.js:1945
[  277916ms] [ERROR] ./components/badge.tsx:129:27
An object member cannot be declared optional
  127 |       className={`relative flex items-center justify-center overflow-hidden rounded-lg bo...
  128 |     >
> 129 |       {marks &&      {src ? (
      |                           ^
  130 |         <Image
  131 |           src={src}
  132 |           alt={alt}

Parsing ecmascript source code failed

Import traces:
  Client Component Browser:
    ./components/badge.tsx [Client Component Browser]
    ./app/booking/[expertId]/page.tsx [Client Component Browser]
    ./app/booking/[expertId]/page.tsx [Server Component]

  Client Component SSR:
    ./components/badge.tsx [Client Component SSR]
    ./app/booking/[expertId]/page.tsx [Client Component SSR]
    ./app/booking/[expertId]/page.tsx [Server Component] @ http://localhost:3000/_next/static/chunks/node_modules_next_dist_1gdrd03._.js:1945
[  278014ms] [LOG] [Fast Refresh] rebuilding @ http://localhost:3000/_next/static/chunks/node_modules_next_dist_1gdrd03._.js:1226
[  278032ms] [ERROR] ./components/badge.tsx:129:27
An object member cannot be declared optional
  127 |       className={`relative flex items-center justify-center overflow-hidden rounded-lg bo...
  128 |     >
> 129 |       {marks &&      {src ? (
      |                           ^
  130 |         <Image
  131 |           src={src}
  132 |           alt={alt}

Parsing ecmascript source code failed

Import traces:
  Client Component Browser:
    ./components/badge.tsx [Client Component Browser]
    ./components/feed.tsx [Client Component Browser]
    ./app/page.tsx [Client Component Browser]
    ./app/page.tsx [Server Component]

  Client Component SSR:
    ./components/badge.tsx [Client Component SSR]
    ./components/feed.tsx [Client Component SSR]
    ./app/page.tsx [Client Component SSR]
    ./app/page.tsx [Server Component] @ http://localhost:3000/_next/static/chunks/node_modules_next_dist_1gdrd03._.js:1945
[  300727ms] [LOG] [Fast Refresh] rebuilding @ http://localhost:3000/_next/static/chunks/node_modules_next_dist_1gdrd03._.js:1226
[  301220ms] [LOG] [Fast Refresh] done in 203ms @ http://localhost:3000/_next/static/chunks/node_modules_next_dist_1gdrd03._.js:1226
[  303859ms] [INFO] %cDownload the React DevTools for a better development experience: https://react.dev/link/react-devtools font-weight:bold @ http://localhost:3000/_next/static/chunks/node_modules_next_dist_1ybzpk2._.js:2489
[  304260ms] [LOG] [HMR] connected @ http://localhost:3000/_next/static/chunks/node_modules_next_dist_1ybzpk2._.js:2489
[  304512ms] [LOG] [Fast Refresh] rebuilding @ http://localhost:3000/_next/static/chunks/node_modules_next_dist_1ybzpk2._.js:2489
[  304761ms] [LOG] [Fast Refresh] done in 350ms @ http://localhost:3000/_next/static/chunks/node_modules_next_dist_1ybzpk2._.js:2489
[  320691ms] [LOG] [Fast Refresh] rebuilding @ http://localhost:3000/_next/static/chunks/node_modules_next_dist_1ybzpk2._.js:2489
[  320781ms] [LOG] [Fast Refresh] done in 157ms @ http://localhost:3000/_next/static/chunks/node_modules_next_dist_1ybzpk2._.js:2489
[  337682ms] [LOG] [Fast Refresh] rebuilding @ http://localhost:3000/_next/static/chunks/node_modules_next_dist_1ybzpk2._.js:2489
[  337831ms] [LOG] [Fast Refresh] done in 173ms @ http://localhost:3000/_next/static/chunks/node_modules_next_dist_1ybzpk2._.js:2489
[  361841ms] [ERROR] WebSocket connection to 'ws://localhost:3000/_next/webpack-hmr?id=G6619--fQX4zjMefZrls1' failed: Error in connection establishment: net::ERR_CONNECTION_REFUSED @ http://localhost:3000/_next/static/chunks/node_modules_next_dist_client_0r5nbpw._.js:13422
[  363530ms] [LOG] [HMR] connected @ http://localhost:3000/_next/static/chunks/node_modules_next_dist_1ybzpk2._.js:2489
[  364593ms] [INFO] %cDownload the React DevTools for a better development experience: https://react.dev/link/react-devtools font-weight:bold @ http://localhost:3000/_next/static/chunks/node_modules_next_dist_1ybzpk2._.js:2489
[  364626ms] [LOG] [HMR] connected @ http://localhost:3000/_next/static/chunks/node_modules_next_dist_1ybzpk2._.js:2489
[  364784ms] [LOG] [Fast Refresh] rebuilding @ http://localhost:3000/_next/static/chunks/node_modules_next_dist_1ybzpk2._.js:2489
[  364833ms] [LOG] [Fast Refresh] done in 150ms @ http://localhost:3000/_next/static/chunks/node_modules_next_dist_1ybzpk2._.js:2489
[  373002ms] [LOG] [Fast Refresh] rebuilding @ http://localhost:3000/_next/static/chunks/node_modules_next_dist_1ybzpk2._.js:2489
[  373003ms] [LOG] [Fast Refresh] done in 103ms @ http://localhost:3000/_next/static/chunks/node_modules_next_dist_1ybzpk2._.js:2489
